2026-02-23 14:34:20,191 - INFO - AI System Started
2026-02-25 16:50:49,224 - INFO - AI System Started
2026-02-27 08:25:21,561 - INFO - AI System Started
2026-03-05 15:22:48,143 - INFO - AI System Started
2026-03-06 05:55:04,782 - INFO - AI System Started
2026-03-06 06:00:29,865 - INFO - AI System Started
2026-03-06 06:00:38,219 - INFO - AI System Started
2026-03-06 06:02:00,787 - INFO - AI System Started
2026-03-06 11:09:19,500 - INFO - AI System Started
2026-03-06 11:25:42,288 - INFO - AI System Started
2026-03-06 12:16:39,340 - INFO - AI System Started
2026-03-06 15:19:10,047 - INFO - AI System Started
2026-03-06 15:20:57,913 - INFO - AI System Started
2026-03-06 15:21:49,916 - INFO - AI System Started
2026-03-06 15:24:51,339 - INFO - AI System Started
2026-03-06 15:28:14,809 - INFO - AI System Started
2026-03-06 15:28:49,712 - INFO - AI System Started
2026-03-30 23:33:50,312 - INFO - AI System Started
2026-03-30 23:34:57,120 - INFO - AI System Started
2026-03-30 23:35:24,416 - INFO - AI System Started
2026-03-30 23:37:57,833 - INFO - AI System Started
2026-03-30 23:40:23,805 - INFO - AI System Started
2026-03-30 23:40:28,659 - INFO - AI System Started
2026-03-30 23:42:16,006 - INFO - AI System Started
2026-03-30 23:46:15,594 - INFO - AI System Started
2026-03-30 23:46:45,073 - INFO - AI System Started
2026-03-30 23:50:30,512 - INFO - AI System Started
2026-03-30 23:50:45,921 - INFO - AI System Started
2026-03-30 23:52:34,054 - INFO - AI System Started
2026-03-31 00:03:57,209 - INFO - AI System Started
2026-03-31 00:05:00,821 - INFO - AI System Started
2026-03-31 00:08:46,730 - INFO - AI System Started
2026-03-31 00:27:57,909 - INFO - AI System Started
2026-04-03 01:11:55,763 - INFO - AI System Started
2026-04-03 01:53:35,595 - INFO - AI System Started
2026-04-05 12:49:47,463 - INFO - AI System Started
2026-04-05 12:56:49,497 - INFO - AI System Started
2026-04-05 12:57:16,195 - INFO - AI System Started
2026-04-05 14:52:29,858 - INFO - AI System Started
2026-04-05 15:05:11,572 - INFO - AI System Started
2026-04-05 15:07:59,566 - INFO - AI System Started
2026-04-05 15:13:26,961 - INFO - AI System Started
2026-04-05 15:15:23,142 - INFO - AI System Started
2026-04-05 15:18:43,286 - INFO - AI System Started
2026-04-05 15:27:08,816 - INFO - AI System Started
2026-04-05 15:27:36,290 - INFO - AI System Started
2026-04-05 15:30:33,862 - INFO - AI System Started
2026-04-05 18:39:24,890 - INFO - AI System Started
2026-04-05 18:40:47,071 - INFO - AI System Started
2026-04-05 18:41:07,733 - INFO - AI System Started
2026-04-05 18:42:07,587 - INFO - AI System Started
2026-04-05 18:49:53,361 - INFO - AI System Started
2026-04-05 19:24:09,881 - INFO - AI System Started
2026-04-06 15:55:08,026 - INFO - AI System Started
2026-04-06 16:03:32,235 - INFO - AI System Started
2026-04-06 16:04:53,038 - INFO - AI System Started
2026-04-06 16:08:17,067 - INFO - AI System Started
2026-04-06 19:05:02,127 - INFO - AI System Started
2026-04-06 19:12:59,616 - INFO - AI System Started
2026-04-06 21:43:59,599 - INFO - AI System Started
2026-04-07 16:59:30,239 - INFO - AI System Started
2026-04-07 17:08:12,529 - INFO - AI System Started
2026-04-07 17:08:47,860 - INFO - AI System Started
2026-04-07 17:15:25,822 - INFO - AI System Started
2026-04-07 17:17:20,805 - INFO - AI System Started
2026-04-07 17:26:39,346 - INFO - AI System Started
2026-04-07 17:30:46,223 - INFO - AI System Started
2026-04-07 17:38:45,953 - INFO - AI System Started
2026-04-07 17:43:33,722 - INFO - AI System Started
2026-04-07 18:20:00,632 - INFO - AI System Started
2026-04-07 18:23:28,987 - INFO - AI System Started
2026-04-07 18:30:04,452 - INFO - AI System Started
2026-04-07 18:31:45,002 - INFO - AI System Started
2026-04-07 18:32:41,829 - INFO - AI System Started
2026-04-07 18:33:06,223 - INFO - AI System Started
2026-04-07 23:31:24,723 - INFO - AI System Started
2026-04-09 16:11:58,733 - INFO - AI System Started
2026-04-09 16:17:44,814 - INFO - AI System Started
2026-04-09 16:52:07,231 - INFO - AI System Started
2026-04-09 20:58:41,585 - INFO - AI System Started
2026-04-09 21:03:08,149 - INFO - AI System Started
2026-04-09 21:05:08,054 - INFO - AI System Started
2026-04-09 21:08:37,350 - INFO - AI System Started
2026-04-09 21:11:58,203 - INFO - AI System Started
2026-04-09 21:19:10,440 - INFO - AI System Started
2026-04-09 21:21:33,076 - INFO - AI System Started
2026-04-09 22:11:47,784 - INFO - AI System Started
2026-04-09 22:20:36,055 - INFO - AI System Started
2026-04-09 22:23:33,684 - INFO - AI System Started
2026-04-09 22:54:19,104 - INFO - AI System Started
2026-04-11 10:27:44,786 - INFO - AI System Started
2026-04-11 10:28:36,101 - INFO - AI System Started
2026-04-11 10:38:15,169 - INFO - AI System Started
2026-04-11 10:45:36,875 - INFO - AI System Started
2026-04-11 10:49:07,197 - INFO - AI System Started
2026-04-11 10:52:55,569 - INFO - AI System Started
2026-04-11 11:07:24,282 - INFO - AI System Started
2026-04-11 17:36:19,181 - INFO - AI System Started
2026-04-11 17:37:32,221 - INFO - AI System Started
2026-04-11 17:39:16,123 - INFO - AI System Started
2026-04-11 17:40:18,676 - INFO - AI System Started
2026-04-11 17:44:44,270 - INFO - AI System Started
2026-04-11 17:48:04,288 - INFO - AI System Started
2026-04-11 17:52:16,188 - INFO - AI System Started
2026-04-11 18:11:33,779 - INFO - AI System Started
2026-04-11 20:34:58,965 - INFO - AI System Started
2026-04-11 20:37:47,509 - INFO - AI System Started
2026-04-11 20:45:19,823 - INFO - AI System Started
2026-04-11 20:50:24,509 - INFO - AI System Started
2026-04-11 20:52:51,806 - INFO - AI System Started
2026-04-11 20:56:22,492 - INFO - AI System Started
2026-04-11 21:05:16,183 - INFO - AI System Started
2026-04-11 21:07:37,265 - INFO - AI System Started
2026-04-11 21:13:25,049 - INFO - AI System Started
2026-04-11 21:14:17,574 - INFO - AI System Started
2026-04-11 21:14:39,260 - INFO - AI System Started
2026-04-11 21:17:10,139 - INFO - AI System Started
2026-04-11 21:21:15,284 - INFO - AI System Started
2026-04-11 21:23:55,868 - INFO - AI System Started
2026-04-11 21:27:57,682 - INFO - AI System Started
2026-04-11 21:32:10,307 - INFO - AI System Started
2026-04-11 21:36:18,827 - INFO - AI System Started
2026-04-11 21:38:47,831 - INFO - AI System Started
2026-04-11 21:41:55,658 - INFO - AI System Started
2026-04-11 21:48:41,553 - INFO - AI System Started
2026-04-12 22:35:04,383 - INFO - AI System Started
2026-04-12 22:36:01,031 - INFO - AI System Started
2026-04-12 22:38:24,845 - INFO - AI System Started
2026-04-12 22:40:51,199 - INFO - AI System Started
2026-04-12 22:46:08,416 - INFO - AI System Started
2026-04-12 22:48:30,332 - INFO - AI System Started
2026-04-12 22:50:28,464 - INFO - AI System Started
2026-04-15 18:41:32,740 - INFO - AI System Started
2026-04-15 19:48:20,228 - INFO - AI System Started
2026-04-18 12:29:16,780 - INFO - AI System Started
2026-04-24 14:02:40,181 - INFO - AI System Started
2026-04-24 14:31:50,282 - INFO - AI System Started
2026-04-24 14:32:41,630 - INFO - AI System Started
2026-04-24 14:32:58,857 - INFO - AI System Started
2026-04-24 14:40:51,538 - INFO - AI System Started
2026-04-24 14:42:30,875 - INFO - AI System Started
2026-04-24 14:42:37,414 - INFO - Processing \u2192 credit_analyst1_sambele_1b.pdf
2026-04-24 14:42:37,490 - ERROR - Error processing credit_analyst1_sambele_1b.pdf: [WinError 183] Cannot create a file when that file already exists: 'cache'
2026-04-24 14:42:37,490 - INFO - Processing \u2192 credit_analyst_sample1.pdf
2026-04-24 14:42:37,493 - ERROR - Error processing credit_analyst_sample1.pdf: [WinError 183] Cannot create a file when that file already exists: 'cache'
2026-04-24 14:42:37,493 - INFO - Processing \u2192 credit_analyst_sample2.pdf
2026-04-24 14:42:37,496 - ERROR - Error processing credit_analyst_sample2.pdf: [WinError 183] Cannot create a file when that file already exists: 'cache'
2026-04-24 14:47:51,398 - INFO - AI System Started
2026-04-24 14:47:58,104 - INFO - Processing \u2192 credit_analyst1_sambele_1b.pdf
2026-04-24 14:47:58,108 - ERROR - Error processing credit_analyst1_sambele_1b.pdf: [WinError 183] Cannot create a file when that file already exists: 'cache'
2026-04-24 14:47:58,108 - INFO - Processing \u2192 credit_analyst_sample1.pdf
2026-04-24 14:47:58,110 - ERROR - Error processing credit_analyst_sample1.pdf: [WinError 183] Cannot create a file when that file already exists: 'cache'
2026-04-24 14:47:58,110 - INFO - Processing \u2192 credit_analyst_sample2.pdf
2026-04-24 14:47:58,113 - ERROR - Error processing credit_analyst_sample2.pdf: [WinError 183] Cannot create a file when that file already exists: 'cache'
2026-04-24 14:52:13,410 - INFO - AI System Started
2026-04-24 14:52:19,979 - INFO - Processing \u2192 credit_analyst1_sambele_1b.pdf
2026-04-24 14:52:19,982 - ERROR - Error processing credit_analyst1_sambele_1b.pdf: [WinError 183] Cannot create a file when that file already exists: 'cache'
2026-04-24 14:52:19,983 - INFO - Processing \u2192 credit_analyst_sample1.pdf
2026-04-24 14:52:19,985 - ERROR - Error processing credit_analyst_sample1.pdf: [WinError 183] Cannot create a file when that file already exists: 'cache'
2026-04-24 14:52:19,985 - INFO - Processing \u2192 credit_analyst_sample2.pdf
2026-04-24 14:52:19,988 - ERROR - Error processing credit_analyst_sample2.pdf: [WinError 183] Cannot create a file when that file already exists: 'cache'
2026-04-24 15:01:16,246 - INFO - AI System Started
2026-04-24 15:03:48,049 - INFO - AI System Started
2026-04-24 15:07:52,754 - INFO - AI System Started
2026-04-24 15:08:50,012 - INFO - AI System Started
2026-04-24 15:11:49,932 - INFO - AI System Started
2026-04-27 12:51:12,217 - INFO - AI System Started
2026-05-01 18:25:29,829 - INFO - AI System Started
2026-05-02 13:27:05,135 - INFO - AI System Started
2026-05-02 13:28:23,764 - INFO - AI System Started
2026-05-02 13:29:35,948 - INFO - AI System Started
2026-05-02 13:31:57,319 - INFO - AI System Started
2026-05-02 13:32:37,869 - INFO - AI System Started
2026-05-04 17:04:32,480 - INFO - AI System Started
2026-05-04 17:12:19,554 - INFO - AI System Started
2026-05-04 17:12:54,588 - INFO - AI System Started
2026-05-10 12:59:00,203 - INFO - AI System Started
2026-05-10 13:01:09,130 - INFO - AI System Started
2026-05-10 13:01:47,336 - INFO - AI System Started
2026-05-10 13:02:16,146 - INFO - AI System Started
2026-05-10 13:04:38,511 - INFO - AI System Started
2026-05-10 13:15:26,841 - INFO - AI System Started
2026-05-10 14:02:36,341 - INFO - AI System Started
2026-05-10 14:03:20,552 - INFO - AI System Started
2026-05-23 14:11:49,064 - INFO - AI System Started
2026-05-23 14:14:25,583 - INFO - AI System Started
2026-05-23 14:17:17,984 - INFO - AI System Started
2026-05-24 09:38:56,530 - INFO - AI System Started
2026-05-24 09:40:21,406 - INFO - AI System Started
2026-05-24 09:41:36,198 - INFO - AI System Started
2026-05-24 10:36:43,570 - INFO - AI System Started
2026-05-24 10:55:29,131 - INFO - AI System Started
2026-05-24 10:56:17,695 - INFO - AI System Started
2026-05-24 12:16:33,004 - INFO - AI System Started
2026-05-24 12:16:48,710 - INFO - AI System Started
2026-05-24 12:17:14,812 - INFO - AI System Started
2026-05-24 12:18:39,984 - INFO - AI System Started
2026-05-24 12:31:46,678 - INFO - AI System Started
2026-05-24 13:23:08,971 - INFO - AI System Started
2026-05-24 13:24:51,424 - INFO - AI System Started
2026-05-24 13:37:17,011 - INFO - AI System Started
2026-05-24 13:45:04,360 - INFO - AI System Started
2026-05-24 13:49:01,215 - INFO - AI System Started
2026-05-24 13:51:04,734 - INFO - AI System Started
2026-05-24 13:52:24,059 - INFO - AI System Started
2026-05-24 13:56:15,507 - INFO - AI System Started
2026-05-24 13:57:53,801 - INFO - AI System Started
2026-06-04 17:51:02,066 - INFO - AI System Started
2026-06-24 22:51:21,803 - INFO - AI System Started
2026-06-26 06:46:53,269 - INFO - AI System Started
2026-06-26 06:58:49,120 - INFO - AI System Started
2026-06-26 06:59:24,565 - INFO - AI System Started
2026-06-26 07:12:58,340 - INFO - AI System Started
2026-06-26 07:22:58,667 - INFO - AI System Started
2026-06-26 07:43:11,923 - INFO - AI System Started
2026-06-26 08:14:34,380 - INFO - AI System Started
2026-06-26 08:17:22,924 - INFO - AI System Started
2026-06-26 08:41:00,711 - INFO - AI System Started
